Plugins:
Bundled analyzers:
  - Python Code Quality and Security 4.14.0.14263 (python)
  - Clean as You Code 2.3.0.1782 (cayc)
  - Go Code Quality and Security 1.15.0.4655 (go)
  - JaCoCo 1.3.0.1538 (jacoco)
  - Kotlin Code Quality and Security 2.20.0.4382 (kotlin)
  - IaC Code Quality and Security 1.26.0.8471 (iac)
  - JavaScript/TypeScript/CSS Code Quality and Security 10.11.1.25225 (javascript)
  - Ruby Code Quality and Security 1.15.0.4655 (ruby)
  - Scala Code Quality and Security 1.15.0.4655 (sonarscala)
  - C# Code Quality and Security 9.19.0.84025 (csharp)
  - Java Code Quality and Security 7.30.0.34429 (java)
  - HTML Code Quality and Security 3.13.0.4821 (web)
  - Flex Code Quality and Security 2.12.0.4568 (flex)
  - XML Code Quality and Security 2.10.0.4108 (xml)
  - PHP Code Quality and Security 3.33.0.11274 (php)
  - Text Code Quality and Security 2.8.0.1635 (text)
  - VB.NET Code Quality and Security 9.19.0.84025 (vbnet)
Global server settings:
  - sonar.azureresourcemanager.file.suffixes=.bicep
  - sonar.core.id=147B411E-AZ5AJG8nIizA1fdOPPp9
  - sonar.core.startTime=2026-05-20T09:36:45+0200
  - sonar.cs.file.suffixes=.cs,.razor
  - sonar.css.file.suffixes=.css,.less,.scss,.sass
  - sonar.docker.file.patterns=Dockerfile,*.dockerfile
  - sonar.flex.file.suffixes=as
  - sonar.forceAuthentication=true
  - sonar.go.file.suffixes=.go
  - sonar.html.file.suffixes=.html,.xhtml,.cshtml,.vbhtml,.aspx,.ascx,.rhtml,.erb,.shtm,.shtml,.cmp,.twig
  - sonar.java.file.suffixes=.java,.jav
  - sonar.javascript.file.suffixes=.js,.jsx,.cjs,.mjs,.vue
  - sonar.json.file.suffixes=.json
  - sonar.jsp.file.suffixes=.jsp,.jspf,.jspx
  - sonar.kotlin.file.suffixes=.kt,.kts
  - sonar.php.file.suffixes=php,php3,php4,php5,phtml,inc
  - sonar.python.file.suffixes=py
  - sonar.qualityProfiles.allowDisableInheritedRules=true
  - sonar.ruby.file.suffixes=.rb
  - sonar.scala.file.suffixes=.scala
  - sonar.terraform.file.suffixes=.tf
  - sonar.typescript.file.suffixes=.ts,.tsx,.cts,.mts
  - sonar.vbnet.file.suffixes=.vb
  - sonar.xml.file.suffixes=.xml,.xsd,.xsl,.config
  - sonar.yaml.file.suffixes=.yaml,.yml
Project server settings:
  - sonar.azureresourcemanager.file.suffixes=.bicep
  - sonar.cs.file.suffixes=.cs,.razor
  - sonar.css.file.suffixes=.css,.less,.scss,.sass
  - sonar.docker.file.patterns=Dockerfile,*.dockerfile
  - sonar.flex.file.suffixes=as
  - sonar.go.file.suffixes=.go
  - sonar.html.file.suffixes=.html,.xhtml,.cshtml,.vbhtml,.aspx,.ascx,.rhtml,.erb,.shtm,.shtml,.cmp,.twig
  - sonar.java.file.suffixes=.java,.jav
  - sonar.javascript.file.suffixes=.js,.jsx,.cjs,.mjs,.vue
  - sonar.json.file.suffixes=.json
  - sonar.jsp.file.suffixes=.jsp,.jspf,.jspx
  - sonar.kotlin.file.suffixes=.kt,.kts
  - sonar.php.file.suffixes=php,php3,php4,php5,phtml,inc
  - sonar.python.file.suffixes=py
  - sonar.ruby.file.suffixes=.rb
  - sonar.scala.file.suffixes=.scala
  - sonar.terraform.file.suffixes=.tf
  - sonar.typescript.file.suffixes=.ts,.tsx,.cts,.mts
  - sonar.vbnet.file.suffixes=.vb
  - sonar.xml.file.suffixes=.xml,.xsd,.xsl,.config
  - sonar.yaml.file.suffixes=.yaml,.yml
Project scanner properties:
  - sonar.binaries=/home/warone11/PROYECTS/1DAW/ProyectoGestionPedidosParte3/target/classes
  - sonar.coverage.jacoco.xmlReportPaths=target/site/jacoco/jacoco.xml
  - sonar.groovy.binaries=/home/warone11/PROYECTS/1DAW/ProyectoGestionPedidosParte3/target/classes
  - sonar.host.url=http://localhost:9000
  - sonar.java.binaries=/home/warone11/PROYECTS/1DAW/ProyectoGestionPedidosParte3/target/classes
  - sonar.java.source=17
  - sonar.java.target=17
  - sonar.java.test.binaries=/home/warone11/PROYECTS/1DAW/ProyectoGestionPedidosParte3/target/test-classes
  - sonar.java.test.libraries=/home/warone11/PROYECTS/1DAW/ProyectoGestionPedidosParte3/target/classes,/home/warone11/.m2/repository/org/junit/jupiter/junit-jupiter/5.10.0/junit-jupiter-5.10.0.jar,/home/warone11/.m2/repository/org/junit/jupiter/junit-jupiter-api/5.10.0/junit-jupiter-api-5.10.0.jar,/home/warone11/.m2/repository/org/opentest4j/opentest4j/1.3.0/opentest4j-1.3.0.jar,/home/warone11/.m2/repository/org/junit/platform/junit-platform-commons/1.10.0/junit-platform-commons-1.10.0.jar,/home/warone11/.m2/repository/org/apiguardian/apiguardian-api/1.1.2/apiguardian-api-1.1.2.jar,/home/warone11/.m2/repository/org/junit/jupiter/junit-jupiter-params/5.10.0/junit-jupiter-params-5.10.0.jar,/home/warone11/.m2/repository/org/junit/jupiter/junit-jupiter-engine/5.10.0/junit-jupiter-engine-5.10.0.jar,/home/warone11/.m2/repository/org/junit/platform/junit-platform-engine/1.10.0/junit-platform-engine-1.10.0.jar
  - sonar.junit.reportPaths=/home/warone11/PROYECTS/1DAW/ProyectoGestionPedidosParte3/target/surefire-reports
  - sonar.junit.reportsPath=/home/warone11/PROYECTS/1DAW/ProyectoGestionPedidosParte3/target/surefire-reports
  - sonar.links.ci=
  - sonar.links.homepage=
  - sonar.links.issue=
  - sonar.links.scm=
  - sonar.links.scm_dev=
  - sonar.moduleKey=gestionDePedidos
  - sonar.projectBaseDir=/home/warone11/PROYECTS/1DAW/ProyectoGestionPedidosParte3
  - sonar.projectBuildDir=/home/warone11/PROYECTS/1DAW/ProyectoGestionPedidosParte3/target
  - sonar.projectKey=gestionDePedidos
  - sonar.projectName=ProyectoGestionPedidosParte3
  - sonar.projectVersion=1.0-SNAPSHOT
  - sonar.scanner.app=ScannerMaven
  - sonar.scanner.appVersion=4.0.0.4121/3.8.7
  - sonar.sourceEncoding=UTF-8
  - sonar.sources=/home/warone11/PROYECTS/1DAW/ProyectoGestionPedidosParte3/pom.xml,/home/warone11/PROYECTS/1DAW/ProyectoGestionPedidosParte3/src/main/java
  - sonar.tests=/home/warone11/PROYECTS/1DAW/ProyectoGestionPedidosParte3/src/test/java
  - sonar.token=******
  - sonar.verbose=true
  - sonar.working.directory=/home/warone11/PROYECTS/1DAW/ProyectoGestionPedidosParte3/target/sonar
